// Jest Snapshot v1, https://goo.gl/fbAQLP

exports[`renders InputWithInfoContainer correctly 1`] = `
.c0 {
  margin-top: 30px;
}

@media (max-width:768px) {
  .c0 {
    margin-top: 0;
  }
}

<div
  className="c0"
>
  111
</div>
`;
