// Jest Snapshot v1, https://goo.gl/fbAQLP

exports[`renders MoneyExchangerContainer correctly 1`] = `
.c0 {
  width: 1160px;
  display: -webkit-box;
  display: -webkit-flex;
  display: -ms-flexbox;
  display: flex;
  -webkit-flex-direction: column;
  -ms-flex-direction: column;
  flex-direction: column;
}

@media (max-width:1280px) {
  .c0 {
    width: 100%;
    padding: 0 60px;
  }
}

@media (max-width:768px) {
  .c0 {
    padding: 0;
  }
}

<div
  className="c0"
>
  111
</div>
`;
