// Jest Snapshot v1, https://goo.gl/fbAQLP

exports[`renders app container correctly 1`] = `
<div
  className="sc-AxjAm cznkoO"
/>
`;
