// Jest Snapshot v1, https://goo.gl/fbAQLP

exports[`renders arrow correctly 1`] = `
<div
  className="sc-AxjAm FESAN"
/>
`;
