// Jest Snapshot v1, https://goo.gl/fbAQLP

exports[`renders CurrencyTab correctly 1`] = `
<div
  className="sc-AxjAm ioRucc"
>
  111
</div>
`;
