// Jest Snapshot v1, https://goo.gl/fbAQLP

exports[`renders currency container correctly 1`] = `
<div
  className="sc-AxjAm cWWsEF"
/>
`;
