// Jest Snapshot v1, https://goo.gl/fbAQLP

exports[`renders ErrorDiv correctly 1`] = `
.c0 {
  margin: auto 10px;
  color: #FF1F1F;
}

<div
  className="c0"
>
  111
</div>
`;
