// Jest Snapshot v1, https://goo.gl/fbAQLP

exports[`renders ExchangeButton correctly 1`] = `
<button
  className="sc-AxjAm hBDLuT"
>
  111
</button>
`;
