// Jest Snapshot v1, https://goo.gl/fbAQLP

exports[`renders InputHelper correctly 1`] = `
<span
  className="sc-AxjAm iiqNAN"
>
  111
</span>
`;
