// Jest Snapshot v1, https://goo.gl/fbAQLP

exports[`renders app correctly 1`] = `
<div
  className="sc-AxjAm lkwWUj"
>
  <div>
    Couldn't get exchange rates for exchange
  </div>
</div>
`;
